Duplicated file found; will not be sent for synthesis: /home/likhith/mask_detection/mask_detection.gen/sources_1/bd/tensil_pynqz2/ipshared/f0b6/hdl/verilog/sc_util_v1_0_4_constants.vh
Duplicated file found; will not be sent for synthesis: /home/likhith/mask_detection/mask_detection.gen/sources_1/bd/tensil_pynqz2/ipshared/f0b6/hdl/verilog/sc_util_v1_0_4_constants_noc.vh
Duplicated file found; will not be sent for synthesis: /home/likhith/mask_detection/mask_detection.gen/sources_1/bd/tensil_pynqz2/ipshared/f0b6/hdl/verilog/sc_util_v1_0_4_structs.svh
Duplicated file found; will not be sent for synthesis: /home/likhith/mask_detection/mask_detection.gen/sources_1/bd/tensil_pynqz2/ipshared/f0b6/hdl/sc_util_v1_0_vl_rfs.sv
Duplicated file found; will not be sent for synthesis: /home/likhith/mask_detection/mask_detection.gen/sources_1/bd/tensil_pynqz2/ipshared/f0b6/hdl/verilog/sc_util_v1_0_4_constants.vh
Duplicated file found; will not be sent for synthesis: /home/likhith/mask_detection/mask_detection.gen/sources_1/bd/tensil_pynqz2/ipshared/f0b6/hdl/verilog/sc_util_v1_0_4_constants_noc.vh
Duplicated file found; will not be sent for synthesis: /home/likhith/mask_detection/mask_detection.gen/sources_1/bd/tensil_pynqz2/ipshared/f0b6/hdl/verilog/sc_util_v1_0_4_structs.svh
Duplicated file found; will not be sent for synthesis: /home/likhith/mask_detection/mask_detection.gen/sources_1/bd/tensil_pynqz2/ipshared/f0b6/hdl/sc_util_v1_0_vl_rfs.sv
Duplicated file found; will not be sent for synthesis: /home/likhith/mask_detection/mask_detection.gen/sources_1/bd/tensil_pynqz2/ipshared/f0b6/hdl/verilog/sc_util_v1_0_4_constants.vh
Duplicated file found; will not be sent for synthesis: /home/likhith/mask_detection/mask_detection.gen/sources_1/bd/tensil_pynqz2/ipshared/f0b6/hdl/verilog/sc_util_v1_0_4_constants_noc.vh
Duplicated file found; will not be sent for synthesis: /home/likhith/mask_detection/mask_detection.gen/sources_1/bd/tensil_pynqz2/ipshared/f0b6/hdl/verilog/sc_util_v1_0_4_structs.svh
Duplicated file found; will not be sent for synthesis: /home/likhith/mask_detection/mask_detection.gen/sources_1/bd/tensil_pynqz2/ipshared/f0b6/hdl/sc_util_v1_0_vl_rfs.sv
Duplicated file found; will not be sent for synthesis: /home/likhith/mask_detection/mask_detection.gen/sources_1/bd/tensil_pynqz2/ipshared/f0b6/hdl/verilog/sc_util_v1_0_4_constants.vh
Duplicated file found; will not be sent for synthesis: /home/likhith/mask_detection/mask_detection.gen/sources_1/bd/tensil_pynqz2/ipshared/f0b6/hdl/verilog/sc_util_v1_0_4_constants_noc.vh
Duplicated file found; will not be sent for synthesis: /home/likhith/mask_detection/mask_detection.gen/sources_1/bd/tensil_pynqz2/ipshared/f0b6/hdl/verilog/sc_util_v1_0_4_structs.svh
Duplicated file found; will not be sent for synthesis: /home/likhith/mask_detection/mask_detection.gen/sources_1/bd/tensil_pynqz2/ipshared/f0b6/hdl/sc_util_v1_0_vl_rfs.sv
Duplicated file found; will not be sent for synthesis: /home/likhith/mask_detection/mask_detection.gen/sources_1/bd/tensil_pynqz2/ipshared/f0b6/hdl/verilog/sc_util_v1_0_4_constants.vh
Duplicated file found; will not be sent for synthesis: /home/likhith/mask_detection/mask_detection.gen/sources_1/bd/tensil_pynqz2/ipshared/f0b6/hdl/verilog/sc_util_v1_0_4_constants_noc.vh
Duplicated file found; will not be sent for synthesis: /home/likhith/mask_detection/mask_detection.gen/sources_1/bd/tensil_pynqz2/ipshared/f0b6/hdl/verilog/sc_util_v1_0_4_structs.svh
Duplicated file found; will not be sent for synthesis: /home/likhith/mask_detection/mask_detection.gen/sources_1/bd/tensil_pynqz2/ipshared/f0b6/hdl/sc_util_v1_0_vl_rfs.sv
Duplicated file found; will not be sent for synthesis: /home/likhith/mask_detection/mask_detection.gen/sources_1/bd/tensil_pynqz2/ipshared/66be/hdl/verilog/sc_node_v1_0_14_t_reqsend.svh
Duplicated file found; will not be sent for synthesis: /home/likhith/mask_detection/mask_detection.gen/sources_1/bd/tensil_pynqz2/ipshared/66be/hdl/sc_node_v1_0_vl_rfs.sv
Duplicated file found; will not be sent for synthesis: /home/likhith/mask_detection/mask_detection.gen/sources_1/bd/tensil_pynqz2/ipshared/f0b6/hdl/verilog/sc_util_v1_0_4_constants.vh
Duplicated file found; will not be sent for synthesis: /home/likhith/mask_detection/mask_detection.gen/sources_1/bd/tensil_pynqz2/ipshared/f0b6/hdl/verilog/sc_util_v1_0_4_constants_noc.vh
Duplicated file found; will not be sent for synthesis: /home/likhith/mask_detection/mask_detection.gen/sources_1/bd/tensil_pynqz2/ipshared/f0b6/hdl/verilog/sc_util_v1_0_4_structs.svh
Duplicated file found; will not be sent for synthesis: /home/likhith/mask_detection/mask_detection.gen/sources_1/bd/tensil_pynqz2/ipshared/f0b6/hdl/sc_util_v1_0_vl_rfs.sv
Duplicated file found; will not be sent for synthesis: /home/likhith/mask_detection/mask_detection.gen/sources_1/bd/tensil_pynqz2/ipshared/f0b6/hdl/verilog/sc_util_v1_0_4_constants.vh
Duplicated file found; will not be sent for synthesis: /home/likhith/mask_detection/mask_detection.gen/sources_1/bd/tensil_pynqz2/ipshared/f0b6/hdl/verilog/sc_util_v1_0_4_constants_noc.vh
Duplicated file found; will not be sent for synthesis: /home/likhith/mask_detection/mask_detection.gen/sources_1/bd/tensil_pynqz2/ipshared/f0b6/hdl/verilog/sc_util_v1_0_4_structs.svh
Duplicated file found; will not be sent for synthesis: /home/likhith/mask_detection/mask_detection.gen/sources_1/bd/tensil_pynqz2/ipshared/f0b6/hdl/sc_util_v1_0_vl_rfs.sv
CRC performance measure: elapsed=00:00:00.01s;;memory_peak=1653.457MB;;memory_gain=0.000MB
